// Jest Snapshot v1, https://goo.gl/fbAQLP

exports[`Button renders 1`] = `
<DocumentFragment>
  <button
    class="button primary medium"
  >
    Button text
  </button>
</DocumentFragment>
`;
